2025-09-02 11:43:22 | Main-Logger | INFO | Main logger Started.
2025-09-02 11:46:31 | Main-Logger | INFO | Main logger Started.
2025-09-02 12:18:51 | Main-Logger | INFO | Main logger Started.
2025-09-02 12:24:17 | Main-Logger | INFO | Main logger Started.
2025-09-02 12:25:39 | Main-Logger | INFO | data Loading Completed..
2025-09-02 12:25:39 | Main-Logger | INFO | Cleaing data...........
2025-09-02 12:25:54 | Main-Logger | INFO | Cleanig Completed.
2025-09-02 12:25:54 | Main-Logger | INFO | Gujarat Started......
2025-09-02 12:26:26 | Main-Logger | INFO | Gujarat Completed 
2025-09-02 12:26:26 | Main-Logger | INFO | Maharashtra Started......
2025-09-02 12:26:33 | Main-Logger | INFO | Maharashtra Completed 
2025-09-02 12:26:33 | Main-Logger | INFO | Chattisgarh Started......
2025-09-02 12:27:05 | Main-Logger | INFO | Chattisgarh Completed 
2025-09-02 12:27:06 | Main-Logger | INFO | TamilNadu Started......
2025-09-02 12:27:20 | Main-Logger | INFO | TamilNadu Completed 
2025-09-02 12:40:30 | Main-Logger | INFO | Main logger Started.
2025-09-02 12:40:37 | Main-Logger | INFO | data Loading Completed..
2025-09-02 12:40:37 | Main-Logger | INFO | Cleaing data...........
2025-09-02 12:40:39 | Main-Logger | INFO | Cleanig Completed.
2025-09-02 12:40:39 | Main-Logger | INFO | Gujarat Started......
2025-09-02 12:40:42 | Main-Logger | INFO | Gujarat Completed 
2025-09-02 12:40:42 | Main-Logger | INFO | Maharashtra Started......
2025-09-02 12:40:44 | Main-Logger | INFO | Maharashtra Completed 
2025-09-02 12:40:44 | Main-Logger | INFO | Chattisgarh Started......
2025-09-02 12:40:45 | Main-Logger | INFO | Chattisgarh Completed 
2025-09-02 12:40:45 | Main-Logger | INFO | TamilNadu Started......
2025-09-02 12:40:47 | Main-Logger | INFO | TamilNadu Completed 
2025-09-02 15:23:50 | Main-Logger | INFO | Main logger Started.
2025-09-02 15:23:54 | Main-Logger | INFO | data Loading Completed..
2025-09-02 15:23:54 | Main-Logger | INFO | Cleaing data...........
2025-09-02 15:23:55 | Main-Logger | INFO | Cleanig Completed.
2025-09-02 15:23:55 | Main-Logger | INFO | Gujarat Started......
2025-09-02 15:32:54 | Main-Logger | INFO | Main logger Started.
2025-09-02 15:33:00 | Main-Logger | INFO | data Loading Completed..
2025-09-02 15:33:00 | Main-Logger | INFO | Cleaing data...........
2025-09-02 15:33:01 | Main-Logger | INFO | Cleanig Completed.
2025-09-02 15:33:01 | Main-Logger | INFO | Gujarat Started......
2025-09-02 15:33:05 | Main-Logger | INFO | Gujarat Completed 
2025-09-02 15:33:05 | Main-Logger | INFO | Maharashtra Started......
2025-09-02 15:33:06 | Main-Logger | INFO | Maharashtra Completed 
2025-09-02 15:33:06 | Main-Logger | INFO | Chattisgarh Started......
2025-09-02 15:33:07 | Main-Logger | INFO | Chattisgarh Completed 
2025-09-02 15:33:07 | Main-Logger | INFO | TamilNadu Started......
2025-09-02 15:33:09 | Main-Logger | INFO | TamilNadu Completed 
2025-09-02 15:36:36 | Main-Logger | INFO | Main logger Started.
2025-09-02 15:36:45 | Main-Logger | INFO | data Loading Completed..
2025-09-02 15:36:45 | Main-Logger | INFO | Cleaing data...........
2025-09-02 15:36:46 | Main-Logger | INFO | Cleanig Completed.
2025-09-02 15:36:46 | Main-Logger | INFO | Gujarat Started......
2025-09-02 15:36:49 | Main-Logger | INFO | Gujarat Completed 
2025-09-02 15:36:49 | Main-Logger | INFO | Maharashtra Started......
2025-09-02 15:36:51 | Main-Logger | INFO | Maharashtra Completed 
2025-09-02 15:36:51 | Main-Logger | INFO | Chattisgarh Started......
2025-09-02 15:36:53 | Main-Logger | INFO | Chattisgarh Completed 
2025-09-02 15:36:53 | Main-Logger | INFO | TamilNadu Started......
2025-09-02 15:36:54 | Main-Logger | INFO | TamilNadu Completed 
2025-09-02 16:08:33 | Main-Logger | INFO | Main logger Started.
2025-09-02 16:08:45 | Main-Logger | INFO | data Loading Completed..
2025-09-02 16:08:45 | Main-Logger | INFO | Cleaing data...........
2025-09-02 16:08:47 | Main-Logger | INFO | Cleanig Completed.
2025-09-02 16:08:47 | Main-Logger | INFO | Gujarat Started......
2025-09-02 16:08:52 | Main-Logger | INFO | Gujarat Completed 
2025-09-02 16:08:52 | Main-Logger | INFO | Maharashtra Started......
2025-09-02 16:08:53 | Main-Logger | INFO | Maharashtra Completed 
2025-09-02 16:08:53 | Main-Logger | INFO | Chattisgarh Started......
2025-09-02 16:08:55 | Main-Logger | INFO | Chattisgarh Completed 
2025-09-02 16:08:55 | Main-Logger | INFO | TamilNadu Started......
2025-09-02 16:08:57 | Main-Logger | INFO | TamilNadu Completed 
2025-09-02 16:15:30 | Main-Logger | INFO | Main logger Started.
2025-09-02 16:15:33 | Main-Logger | INFO | data Loading Completed..
2025-09-02 16:15:33 | Main-Logger | INFO | Cleaing data...........
2025-09-02 16:15:34 | Main-Logger | INFO | Cleanig Completed.
2025-09-02 16:15:34 | Main-Logger | INFO | Gujarat Started......
2025-09-02 16:17:06 | Main-Logger | INFO | Main logger Started.
2025-09-02 16:17:10 | Main-Logger | INFO | data Loading Completed..
2025-09-02 16:17:10 | Main-Logger | INFO | Cleaing data...........
2025-09-02 16:17:10 | Main-Logger | INFO | Cleanig Completed.
2025-09-02 16:17:10 | Main-Logger | INFO | Gujarat Started......
2025-09-02 16:25:15 | Main-Logger | INFO | Main logger Started.
2025-09-02 16:25:26 | Main-Logger | INFO | data Loading Completed..
2025-09-02 16:25:26 | Main-Logger | INFO | Cleaing data...........
2025-09-02 16:25:28 | Main-Logger | INFO | Cleanig Completed.
2025-09-02 16:25:28 | Main-Logger | INFO | Gujarat Started......
2025-09-02 16:25:33 | Main-Logger | INFO | Gujarat Completed 
2025-09-02 16:25:33 | Main-Logger | INFO | Maharashtra Started......
2025-09-02 16:25:35 | Main-Logger | INFO | Maharashtra Completed 
2025-09-02 16:25:35 | Main-Logger | INFO | Chattisgarh Started......
2025-09-02 16:25:38 | Main-Logger | INFO | Chattisgarh Completed 
2025-09-02 16:25:38 | Main-Logger | INFO | TamilNadu Started......
2025-09-02 16:25:40 | Main-Logger | INFO | TamilNadu Completed 
2025-09-02 16:42:01 | Main-Logger | INFO | Main logger Started.
2025-09-02 16:42:11 | Main-Logger | INFO | data Loading Completed..
2025-09-02 16:42:11 | Main-Logger | INFO | Cleaing data...........
2025-09-02 16:42:39 | Main-Logger | INFO | Main logger Started.
2025-09-02 16:42:51 | Main-Logger | INFO | data Loading Completed..
2025-09-02 16:42:51 | Main-Logger | INFO | Cleaing data...........
2025-09-02 16:42:53 | Main-Logger | INFO | Cleanig Completed.
2025-09-02 16:42:53 | Main-Logger | INFO | Gujarat Started......
2025-09-02 16:42:57 | Main-Logger | INFO | Gujarat Completed 
2025-09-02 16:42:57 | Main-Logger | INFO | Maharashtra Started......
2025-09-02 16:42:59 | Main-Logger | INFO | Maharashtra Completed 
2025-09-02 16:42:59 | Main-Logger | INFO | Chattisgarh Started......
2025-09-02 16:43:01 | Main-Logger | INFO | Chattisgarh Completed 
2025-09-02 16:43:01 | Main-Logger | INFO | TamilNadu Started......
2025-09-02 16:43:02 | Main-Logger | INFO | TamilNadu Completed 
2025-09-03 10:53:56 | Main-Logger | INFO | Main logger Started.
2025-09-03 10:54:05 | Main-Logger | INFO | data Loading Completed..
2025-09-03 10:54:05 | Main-Logger | INFO | Cleaing data...........
2025-09-03 16:08:30 | Main-Logger | INFO | Main logger Started.
2025-09-03 16:08:39 | Main-Logger | INFO | data Loading Completed..
2025-09-03 16:08:39 | Main-Logger | INFO | Cleaing data...........
2025-09-04 14:08:17 | Main-Logger | INFO | Main logger Started.
2025-09-04 14:11:18 | Main-Logger | INFO | Main logger Started.
2025-09-04 14:13:02 | Main-Logger | INFO | Main logger Started.
2025-09-04 14:13:14 | Main-Logger | INFO | data Loading Completed..
2025-09-04 14:13:14 | Main-Logger | INFO | Cleaing data...........
2025-09-04 14:13:17 | Main-Logger | INFO | Cleanig Completed.
2025-09-04 14:13:17 | Main-Logger | INFO | Gujarat Started......
2025-09-04 14:13:21 | Main-Logger | INFO | Gujarat Completed 
2025-09-04 14:13:21 | Main-Logger | INFO | Maharashtra Started......
2025-09-04 14:13:23 | Main-Logger | INFO | Maharashtra Completed 
2025-09-04 14:13:23 | Main-Logger | INFO | Chattisgarh Started......
2025-09-04 14:13:24 | Main-Logger | INFO | Chattisgarh Completed 
2025-09-04 14:13:24 | Main-Logger | INFO | TamilNadu Started......
2025-09-04 14:13:25 | Main-Logger | INFO | TamilNadu Completed 
2025-09-09 16:38:25 | Main-Logger | INFO | Main logger Started.
2025-09-09 16:39:00 | Main-Logger | INFO | Main logger Started.
2025-09-09 16:39:07 | Main-Logger | INFO | data Loading Completed..
2025-09-09 16:39:07 | Main-Logger | INFO | Cleaing data...........
2025-09-09 16:39:11 | Main-Logger | INFO | Cleanig Completed.
2025-09-09 16:39:11 | Main-Logger | INFO | Gujarat Started......
2025-09-09 16:39:15 | Main-Logger | INFO | Gujarat Completed 
2025-09-09 16:39:15 | Main-Logger | INFO | Maharashtra Started......
2025-09-09 16:39:16 | Main-Logger | INFO | Maharashtra Completed 
2025-09-09 16:39:16 | Main-Logger | INFO | Chattisgarh Started......
2025-09-09 16:39:17 | Main-Logger | INFO | Chattisgarh Completed 
2025-09-09 16:39:17 | Main-Logger | INFO | TamilNadu Started......
2025-09-09 16:39:18 | Main-Logger | INFO | TamilNadu Completed 
2025-11-04 14:38:34 | Main-Logger | INFO | Main logger Started.
2025-11-04 14:38:45 | Main-Logger | INFO | data Loading Completed..
2025-11-04 14:38:45 | Main-Logger | INFO | Cleaing data...........
2025-11-04 14:38:52 | Main-Logger | INFO | Cleanig Completed.
2025-11-04 14:38:52 | Main-Logger | INFO | Gujarat Started......
2025-11-04 14:38:58 | Main-Logger | INFO | Gujarat Completed 
2025-11-04 14:38:58 | Main-Logger | INFO | Maharashtra Started......
2025-11-04 14:39:00 | Main-Logger | INFO | Maharashtra Completed 
2025-11-04 14:39:00 | Main-Logger | INFO | Chattisgarh Started......
2025-11-04 14:39:02 | Main-Logger | INFO | Chattisgarh Completed 
2025-11-04 14:39:02 | Main-Logger | INFO | TamilNadu Started......
2025-11-04 14:39:04 | Main-Logger | INFO | TamilNadu Completed 
2025-11-04 14:53:59 | Main-Logger | INFO | Main logger Started.
2025-11-04 14:54:14 | Main-Logger | INFO | data Loading Completed..
2025-11-04 14:54:14 | Main-Logger | INFO | Cleaing data...........
2025-11-04 14:54:22 | Main-Logger | INFO | Cleanig Completed.
2025-11-04 14:54:22 | Main-Logger | INFO | Gujarat Started......
2025-11-04 14:54:40 | Main-Logger | INFO | Gujarat Completed 
2025-11-04 14:54:40 | Main-Logger | INFO | Maharashtra Started......
2025-11-04 14:54:55 | Main-Logger | INFO | Maharashtra Completed 
2025-11-04 14:54:55 | Main-Logger | INFO | Chattisgarh Started......
2025-11-04 14:55:15 | Main-Logger | INFO | Chattisgarh Completed 
2025-11-04 14:55:15 | Main-Logger | INFO | TamilNadu Started......
2025-11-04 14:55:35 | Main-Logger | INFO | TamilNadu Completed 
2025-11-04 14:58:52 | Main-Logger | INFO | Main logger Started.
2025-11-04 14:59:04 | Main-Logger | INFO | data Loading Completed..
2025-11-04 14:59:04 | Main-Logger | INFO | Cleaing data...........
2025-11-04 14:59:11 | Main-Logger | INFO | Cleanig Completed.
2025-11-04 14:59:11 | Main-Logger | INFO | Gujarat Started......
2025-11-04 14:59:14 | Main-Logger | INFO | Gujarat Completed 
2025-11-04 14:59:14 | Main-Logger | INFO | Maharashtra Started......
2025-11-04 14:59:15 | Main-Logger | INFO | Maharashtra Completed 
2025-11-04 14:59:15 | Main-Logger | INFO | Chattisgarh Started......
2025-11-04 14:59:17 | Main-Logger | INFO | Chattisgarh Completed 
2025-11-04 14:59:17 | Main-Logger | INFO | TamilNadu Started......
2025-11-04 14:59:19 | Main-Logger | INFO | TamilNadu Completed 
2025-11-04 15:04:32 | Main-Logger | INFO | Main logger Started.
2025-11-04 15:04:50 | Main-Logger | INFO | data Loading Completed..
2025-11-04 15:04:50 | Main-Logger | INFO | Cleaing data...........
2025-11-04 15:04:58 | Main-Logger | INFO | Cleanig Completed.
2025-11-04 15:04:58 | Main-Logger | INFO | Gujarat Started......
2025-11-04 15:05:01 | Main-Logger | INFO | Gujarat Completed 
2025-11-04 15:05:01 | Main-Logger | INFO | Maharashtra Started......
2025-11-04 15:05:05 | Main-Logger | INFO | Maharashtra Completed 
2025-11-04 15:05:05 | Main-Logger | INFO | Chattisgarh Started......
2025-11-04 15:05:09 | Main-Logger | INFO | Chattisgarh Completed 
2025-11-04 15:05:09 | Main-Logger | INFO | TamilNadu Started......
2025-11-04 15:05:13 | Main-Logger | INFO | TamilNadu Completed 
2025-11-04 15:16:51 | Main-Logger | INFO | Main logger Started.
2025-11-04 15:17:00 | Main-Logger | INFO | data Loading Completed..
2025-11-04 15:17:00 | Main-Logger | INFO | Cleaing data...........
2025-11-04 15:18:03 | Main-Logger | INFO | Main logger Started.
2025-11-04 15:19:37 | Main-Logger | INFO | Main logger Started.
2025-11-04 15:19:48 | Main-Logger | INFO | data Loading Completed..
2025-11-04 15:19:48 | Main-Logger | INFO | Cleaing data...........
2025-11-04 15:19:56 | Main-Logger | INFO | Cleanig Completed.
2025-11-04 15:19:56 | Main-Logger | INFO | Gujarat Started......
2025-11-04 15:20:02 | Main-Logger | INFO | Gujarat Completed 
2025-11-04 15:20:02 | Main-Logger | INFO | Maharashtra Started......
2025-11-04 15:20:04 | Main-Logger | INFO | Maharashtra Completed 
2025-11-04 15:20:04 | Main-Logger | INFO | Chattisgarh Started......
2025-11-04 15:20:07 | Main-Logger | INFO | Chattisgarh Completed 
2025-11-04 15:20:07 | Main-Logger | INFO | TamilNadu Started......
2025-11-04 15:20:09 | Main-Logger | INFO | TamilNadu Completed 
2025-12-02 15:46:27 | Main-Logger | INFO | Main logger Started.
2025-12-02 15:46:35 | Main-Logger | INFO | data Loading Completed..
2025-12-02 15:46:35 | Main-Logger | INFO | Cleaing data...........
2025-12-02 15:46:41 | Main-Logger | INFO | Cleanig Completed.
2025-12-02 15:46:41 | Main-Logger | INFO | Gujarat Started......
2025-12-02 15:47:30 | Main-Logger | INFO | Gujarat Completed 
2025-12-02 15:47:30 | Main-Logger | INFO | Maharashtra Started......
2025-12-02 15:47:36 | Main-Logger | INFO | Maharashtra Completed 
2025-12-02 15:47:36 | Main-Logger | INFO | Chattisgarh Started......
2025-12-02 15:47:40 | Main-Logger | INFO | Chattisgarh Completed 
2025-12-02 15:47:40 | Main-Logger | INFO | TamilNadu Started......
2025-12-02 15:47:44 | Main-Logger | INFO | TamilNadu Completed 
2025-12-03 14:40:00 | Main-Logger | INFO | Main logger Started.
2025-12-03 14:40:08 | Main-Logger | INFO | data Loading Completed..
2025-12-03 14:40:08 | Main-Logger | INFO | Cleaing data...........
2025-12-03 14:40:14 | Main-Logger | INFO | Cleanig Completed.
2025-12-03 14:40:14 | Main-Logger | INFO | Gujarat Started......
2025-12-03 14:40:20 | Main-Logger | INFO | Gujarat Completed 
2025-12-03 14:40:20 | Main-Logger | INFO | Maharashtra Started......
2025-12-03 14:40:22 | Main-Logger | INFO | Maharashtra Completed 
2025-12-03 14:40:22 | Main-Logger | INFO | Chattisgarh Started......
2025-12-03 14:40:24 | Main-Logger | INFO | Chattisgarh Completed 
2025-12-03 14:40:24 | Main-Logger | INFO | TamilNadu Started......
2025-12-03 14:40:26 | Main-Logger | INFO | TamilNadu Completed 
2025-12-03 14:44:54 | Main-Logger | INFO | Main logger Started.
2025-12-03 14:45:02 | Main-Logger | INFO | data Loading Completed..
2025-12-03 14:45:02 | Main-Logger | INFO | Cleaing data...........
2025-12-03 14:45:07 | Main-Logger | INFO | Cleanig Completed.
2025-12-03 14:45:07 | Main-Logger | INFO | Gujarat Started......
2025-12-03 14:45:12 | Main-Logger | INFO | Gujarat Completed 
2025-12-03 14:45:12 | Main-Logger | INFO | Maharashtra Started......
2025-12-03 14:45:15 | Main-Logger | INFO | Maharashtra Completed 
2025-12-03 14:45:15 | Main-Logger | INFO | Chattisgarh Started......
2025-12-03 14:45:16 | Main-Logger | INFO | Chattisgarh Completed 
2025-12-03 14:45:16 | Main-Logger | INFO | TamilNadu Started......
2025-12-03 14:45:18 | Main-Logger | INFO | TamilNadu Completed 
2025-12-09 12:09:19 | Main-Logger | INFO | Main logger Started.
2025-12-09 12:09:25 | Main-Logger | INFO | data Loading Completed..
2025-12-09 12:09:25 | Main-Logger | INFO | Cleaing data...........
2025-12-09 12:09:30 | Main-Logger | INFO | Cleanig Completed.
2025-12-09 12:09:30 | Main-Logger | INFO | Gujarat Started......
2025-12-09 12:10:33 | Main-Logger | INFO | Main logger Started.
2025-12-09 12:10:40 | Main-Logger | INFO | data Loading Completed..
2025-12-09 12:10:40 | Main-Logger | INFO | Cleaing data...........
2025-12-09 12:10:44 | Main-Logger | INFO | Cleanig Completed.
2025-12-09 12:10:44 | Main-Logger | INFO | Gujarat Started......
2025-12-09 12:20:40 | Main-Logger | INFO | Main logger Started.
2025-12-09 12:20:54 | Main-Logger | INFO | data Loading Completed..
2025-12-09 12:20:54 | Main-Logger | INFO | Cleaing data...........
2025-12-09 12:21:00 | Main-Logger | INFO | Cleanig Completed.
2025-12-09 12:21:00 | Main-Logger | INFO | Gujarat Started......
2025-12-09 12:23:45 | Main-Logger | INFO | Main logger Started.
2025-12-09 12:23:55 | Main-Logger | INFO | data Loading Completed..
2025-12-09 12:23:55 | Main-Logger | INFO | Cleaing data...........
2025-12-09 12:24:01 | Main-Logger | INFO | Cleanig Completed.
2025-12-09 12:24:01 | Main-Logger | INFO | Gujarat Started......
2025-12-09 12:26:05 | Main-Logger | INFO | Main logger Started.
2025-12-09 12:26:13 | Main-Logger | INFO | data Loading Completed..
2025-12-09 12:26:13 | Main-Logger | INFO | Cleaing data...........
2025-12-09 12:26:18 | Main-Logger | INFO | Cleanig Completed.
2025-12-09 12:26:18 | Main-Logger | INFO | Gujarat Started......
2025-12-09 12:26:22 | Main-Logger | INFO | Gujarat Completed 
2025-12-09 12:26:22 | Main-Logger | INFO | Maharashtra Started......
2025-12-09 12:26:24 | Main-Logger | INFO | Maharashtra Completed 
2025-12-09 12:26:24 | Main-Logger | INFO | Chattisgarh Started......
2025-12-09 12:26:26 | Main-Logger | INFO | Chattisgarh Completed 
2025-12-09 12:26:26 | Main-Logger | INFO | TamilNadu Started......
2025-12-09 12:26:28 | Main-Logger | INFO | TamilNadu Completed 
2025-12-09 12:34:09 | Main-Logger | INFO | Main logger Started.
2025-12-09 12:34:16 | Main-Logger | INFO | data Loading Completed..
2025-12-09 12:34:16 | Main-Logger | INFO | Cleaing data...........
2025-12-09 12:34:21 | Main-Logger | INFO | Cleanig Completed.
2025-12-09 12:34:21 | Main-Logger | INFO | Gujarat Started......
2025-12-09 12:35:56 | Main-Logger | INFO | Main logger Started.
2025-12-09 12:36:02 | Main-Logger | INFO | data Loading Completed..
2025-12-09 12:36:02 | Main-Logger | INFO | Cleaing data...........
2025-12-09 12:36:06 | Main-Logger | INFO | Cleanig Completed.
2025-12-09 12:36:06 | Main-Logger | INFO | Gujarat Started......
2025-12-09 12:36:09 | Main-Logger | INFO | Gujarat Completed 
2025-12-09 12:36:09 | Main-Logger | INFO | Maharashtra Started......
2025-12-09 12:36:12 | Main-Logger | INFO | Maharashtra Completed 
2025-12-09 12:36:12 | Main-Logger | INFO | Chattisgarh Started......
2025-12-09 12:36:14 | Main-Logger | INFO | Chattisgarh Completed 
2025-12-09 12:36:14 | Main-Logger | INFO | TamilNadu Started......
2025-12-09 12:36:15 | Main-Logger | INFO | TamilNadu Completed 
2025-12-09 12:39:41 | Main-Logger | INFO | Main logger Started.
2025-12-09 12:39:46 | Main-Logger | INFO | data Loading Completed..
2025-12-09 12:39:46 | Main-Logger | INFO | Cleaing data...........
2025-12-09 12:39:50 | Main-Logger | INFO | Cleanig Completed.
2025-12-09 12:39:50 | Main-Logger | INFO | Gujarat Started......
2025-12-09 12:39:53 | Main-Logger | INFO | Gujarat Completed 
2025-12-09 12:39:53 | Main-Logger | INFO | Maharashtra Started......
2025-12-09 12:39:56 | Main-Logger | INFO | Maharashtra Completed 
2025-12-09 12:39:56 | Main-Logger | INFO | Chattisgarh Started......
2025-12-09 12:39:59 | Main-Logger | INFO | Chattisgarh Completed 
2025-12-09 12:39:59 | Main-Logger | INFO | TamilNadu Started......
2025-12-09 12:40:01 | Main-Logger | INFO | TamilNadu Completed 
2025-12-09 12:41:50 | Main-Logger | INFO | Main logger Started.
2025-12-09 12:41:57 | Main-Logger | INFO | data Loading Completed..
2025-12-09 12:41:57 | Main-Logger | INFO | Cleaing data...........
2025-12-09 12:42:01 | Main-Logger | INFO | Cleanig Completed.
2025-12-09 12:42:01 | Main-Logger | INFO | Gujarat Started......
2025-12-09 12:42:04 | Main-Logger | INFO | Gujarat Completed 
2025-12-09 12:42:04 | Main-Logger | INFO | Maharashtra Started......
2025-12-09 12:42:06 | Main-Logger | INFO | Maharashtra Completed 
2025-12-09 12:42:06 | Main-Logger | INFO | Chattisgarh Started......
2025-12-09 12:42:08 | Main-Logger | INFO | Chattisgarh Completed 
2025-12-09 12:42:08 | Main-Logger | INFO | TamilNadu Started......
2025-12-09 12:42:09 | Main-Logger | INFO | TamilNadu Completed 
2025-12-09 15:19:44 | Main-Logger | INFO | Main logger Started.
2025-12-09 15:19:51 | Main-Logger | INFO | data Loading Completed..
2025-12-09 15:19:51 | Main-Logger | INFO | Cleaing data...........
2025-12-09 15:19:56 | Main-Logger | INFO | Cleanig Completed.
2025-12-09 15:19:56 | Main-Logger | INFO | Gujarat Started......
2025-12-09 15:20:01 | Main-Logger | INFO | Gujarat Completed 
2025-12-09 15:20:02 | Main-Logger | INFO | Maharashtra Started......
2025-12-09 15:20:04 | Main-Logger | INFO | Maharashtra Completed 
2025-12-09 15:20:04 | Main-Logger | INFO | Chattisgarh Started......
2025-12-09 15:21:02 | Main-Logger | INFO | Main logger Started.
2025-12-09 15:21:13 | Main-Logger | INFO | data Loading Completed..
2025-12-09 15:21:13 | Main-Logger | INFO | Cleaing data...........
2025-12-09 15:21:17 | Main-Logger | INFO | Cleanig Completed.
2025-12-09 15:21:17 | Main-Logger | INFO | Gujarat Started......
2025-12-09 15:21:20 | Main-Logger | INFO | Gujarat Completed 
2025-12-09 15:21:20 | Main-Logger | INFO | Maharashtra Started......
2025-12-09 15:21:22 | Main-Logger | INFO | Maharashtra Completed 
2025-12-09 15:21:22 | Main-Logger | INFO | Chattisgarh Started......
2025-12-09 15:21:24 | Main-Logger | INFO | Chattisgarh Completed 
2025-12-09 15:21:24 | Main-Logger | INFO | TamilNadu Started......
2025-12-09 15:21:25 | Main-Logger | INFO | TamilNadu Completed 
2025-12-09 16:20:01 | Main-Logger | INFO | Main logger Started.
2025-12-09 16:20:08 | Main-Logger | INFO | data Loading Completed..
2025-12-09 16:20:08 | Main-Logger | INFO | Cleaing data...........
2025-12-09 16:20:12 | Main-Logger | INFO | Cleanig Completed.
2025-12-09 16:20:12 | Main-Logger | INFO | Gujarat Started......
2025-12-09 16:26:05 | Main-Logger | INFO | Main logger Started.
2025-12-09 16:26:18 | Main-Logger | INFO | data Loading Completed..
2025-12-09 16:26:18 | Main-Logger | INFO | Cleaing data...........
2025-12-09 16:26:23 | Main-Logger | INFO | Cleanig Completed.
2025-12-09 16:26:23 | Main-Logger | INFO | Gujarat Started......
2025-12-09 16:26:29 | Main-Logger | INFO | Gujarat Completed 
2025-12-09 16:26:29 | Main-Logger | INFO | Maharashtra Started......
2025-12-09 16:26:32 | Main-Logger | INFO | Maharashtra Completed 
2025-12-09 16:26:32 | Main-Logger | INFO | Chattisgarh Started......
2025-12-09 16:26:34 | Main-Logger | INFO | Chattisgarh Completed 
2025-12-09 16:26:34 | Main-Logger | INFO | TamilNadu Started......
2025-12-09 16:26:36 | Main-Logger | INFO | TamilNadu Completed 
2025-12-09 17:45:22 | Main-Logger | INFO | Main logger Started.
2025-12-09 17:45:31 | Main-Logger | INFO | data Loading Completed..
2025-12-09 17:45:31 | Main-Logger | INFO | Cleaing data...........
2025-12-09 17:45:36 | Main-Logger | INFO | Cleanig Completed.
2025-12-09 17:45:36 | Main-Logger | INFO | Gujarat Started......
2025-12-09 17:51:07 | Main-Logger | INFO | Main logger Started.
2025-12-09 17:51:14 | Main-Logger | INFO | data Loading Completed..
2025-12-09 17:51:14 | Main-Logger | INFO | Cleaing data...........
2025-12-09 17:51:18 | Main-Logger | INFO | Cleanig Completed.
2025-12-09 17:51:18 | Main-Logger | INFO | Gujarat Started......
2025-12-09 17:51:21 | Main-Logger | INFO | Gujarat Completed 
2025-12-09 17:51:21 | Main-Logger | INFO | Maharashtra Started......
2025-12-09 17:51:53 | Main-Logger | INFO | Main logger Started.
2025-12-09 17:52:02 | Main-Logger | INFO | data Loading Completed..
2025-12-09 17:52:02 | Main-Logger | INFO | Cleaing data...........
2025-12-09 17:52:06 | Main-Logger | INFO | Cleanig Completed.
2025-12-09 17:52:06 | Main-Logger | INFO | Gujarat Started......
2025-12-09 17:52:09 | Main-Logger | INFO | Gujarat Completed 
2025-12-09 17:52:09 | Main-Logger | INFO | Maharashtra Started......
2025-12-09 17:52:11 | Main-Logger | INFO | Maharashtra Completed 
2025-12-09 17:52:11 | Main-Logger | INFO | Chattisgarh Started......
2025-12-09 17:52:12 | Main-Logger | INFO | Chattisgarh Completed 
2025-12-09 17:52:12 | Main-Logger | INFO | TamilNadu Started......
2025-12-09 17:52:14 | Main-Logger | INFO | TamilNadu Completed 
2026-01-05 10:53:20 | Main-Logger | INFO | Main logger Started.
2026-01-05 10:53:25 | Main-Logger | INFO | data Loading Completed..
2026-01-05 10:53:25 | Main-Logger | INFO | Cleaing data...........
2026-01-05 10:53:28 | Main-Logger | INFO | Cleanig Completed.
2026-01-05 10:53:28 | Main-Logger | INFO | Gujarat Started......
2026-01-05 10:53:32 | Main-Logger | INFO | Gujarat Completed 
2026-01-05 10:53:32 | Main-Logger | INFO | Maharashtra Started......
2026-01-05 10:53:33 | Main-Logger | INFO | Maharashtra Completed 
2026-01-05 10:53:33 | Main-Logger | INFO | Chattisgarh Started......
2026-01-05 10:53:34 | Main-Logger | INFO | Chattisgarh Completed 
2026-01-05 10:53:34 | Main-Logger | INFO | TamilNadu Started......
2026-01-05 10:53:35 | Main-Logger | INFO | TamilNadu Completed 
2026-01-05 11:13:09 | Main-Logger | INFO | Main logger Started.
2026-01-05 11:13:14 | Main-Logger | INFO | data Loading Completed..
2026-01-05 11:13:14 | Main-Logger | INFO | Cleaing data...........
2026-01-05 11:13:18 | Main-Logger | INFO | Cleanig Completed.
2026-01-05 11:13:18 | Main-Logger | INFO | Gujarat Started......
2026-01-05 11:13:21 | Main-Logger | INFO | Gujarat Completed 
2026-01-05 11:13:21 | Main-Logger | INFO | Maharashtra Started......
2026-01-05 11:13:22 | Main-Logger | INFO | Maharashtra Completed 
2026-01-05 11:13:22 | Main-Logger | INFO | Chattisgarh Started......
2026-01-05 11:13:23 | Main-Logger | INFO | Chattisgarh Completed 
2026-01-05 11:13:23 | Main-Logger | INFO | TamilNadu Started......
2026-01-05 11:13:24 | Main-Logger | INFO | TamilNadu Completed 
2026-01-06 11:05:19 | Main-Logger | INFO | Main pipeline started.
2026-01-06 11:05:19 | Main-Logger | INFO | Loading Data...
2026-01-06 11:05:28 | Main-Logger | INFO | Data Loading Completed.
2026-01-06 11:05:28 | Main-Logger | INFO | Cleaning Data...
2026-01-06 11:05:33 | Main-Logger | INFO | Cleaning Completed.
2026-01-06 11:05:33 | Main-Logger | INFO | Processing States...
2026-01-06 11:05:33 | Main-Logger | INFO | Gujarat Started......
2026-01-06 11:06:01 | Main-Logger | INFO | Gujarat Completed 
2026-01-06 11:06:01 | Main-Logger | INFO | Maharashtra Started......
2026-01-06 11:06:06 | Main-Logger | INFO | Maharashtra Completed 
2026-01-06 11:06:06 | Main-Logger | INFO | Chattisgarh Started......
2026-01-06 11:06:09 | Main-Logger | INFO | Chattisgarh Completed 
2026-01-06 11:06:09 | Main-Logger | INFO | TamilNadu Started......
2026-01-06 11:06:12 | Main-Logger | INFO | TamilNadu Completed 
2026-01-06 11:06:12 | Main-Logger | INFO | Main pipeline finished successfully.
2026-02-03 15:56:23 | Main-Logger | INFO | Main pipeline started.
2026-02-03 15:56:23 | Main-Logger | INFO | Loading Data...
2026-02-03 15:59:41 | Main-Logger | INFO | Main pipeline started.
2026-02-03 15:59:41 | Main-Logger | INFO | Loading Data...
2026-02-03 15:59:47 | Main-Logger | INFO | Data Loading Completed.
2026-02-03 15:59:47 | Main-Logger | INFO | Cleaning Data...
2026-02-03 15:59:51 | Main-Logger | INFO | Cleaning Completed.
2026-02-03 15:59:51 | Main-Logger | INFO | Processing States...
2026-02-03 15:59:51 | Main-Logger | INFO | Gujarat Started......
2026-02-03 16:00:15 | Main-Logger | INFO | Gujarat Completed 
2026-02-03 16:00:15 | Main-Logger | INFO | Maharashtra Started......
2026-02-03 16:00:17 | Main-Logger | INFO | Maharashtra Completed 
2026-02-03 16:00:17 | Main-Logger | INFO | Chattisgarh Started......
2026-02-03 16:00:20 | Main-Logger | INFO | Chattisgarh Completed 
2026-02-03 16:00:20 | Main-Logger | INFO | TamilNadu Started......
2026-02-03 16:00:23 | Main-Logger | INFO | TamilNadu Completed 
2026-02-03 16:00:23 | Main-Logger | INFO | Main pipeline finished successfully.
2026-02-03 16:11:54 | Main-Logger | INFO | Main pipeline started.
2026-02-03 16:11:54 | Main-Logger | INFO | Loading Data...
2026-02-03 16:12:00 | Main-Logger | INFO | Data Loading Completed.
2026-02-03 16:12:00 | Main-Logger | INFO | Cleaning Data...
2026-02-03 16:12:04 | Main-Logger | INFO | Cleaning Completed.
2026-02-03 16:12:04 | Main-Logger | INFO | Processing States...
2026-02-03 16:12:04 | Main-Logger | INFO | Gujarat Started......
2026-02-03 16:12:24 | Main-Logger | INFO | Gujarat Completed 
2026-02-03 16:12:24 | Main-Logger | INFO | Maharashtra Started......
2026-02-03 16:12:26 | Main-Logger | INFO | Maharashtra Completed 
2026-02-03 16:12:26 | Main-Logger | INFO | Chattisgarh Started......
2026-02-03 16:12:29 | Main-Logger | INFO | Chattisgarh Completed 
2026-02-03 16:12:29 | Main-Logger | INFO | TamilNadu Started......
2026-02-03 16:12:31 | Main-Logger | INFO | TamilNadu Completed 
2026-02-03 16:12:31 | Main-Logger | INFO | Main pipeline finished successfully.
2026-02-05 10:30:57 | Main-Logger | INFO | Main pipeline started.
2026-02-05 10:30:57 | Main-Logger | INFO | Loading Data...
2026-02-05 10:33:49 | Main-Logger | INFO | Main pipeline started.
2026-02-05 10:33:49 | Main-Logger | INFO | Loading Data...
2026-02-05 10:37:17 | Main-Logger | INFO | Main pipeline started.
2026-02-05 10:37:17 | Main-Logger | INFO | Loading Data...
2026-02-05 10:37:23 | Main-Logger | INFO | Data Loading Completed.
2026-02-05 10:37:23 | Main-Logger | INFO | Cleaning Data...
2026-02-05 10:41:41 | Main-Logger | INFO | Main pipeline started.
2026-02-05 10:41:41 | Main-Logger | INFO | Loading Data...
2026-02-05 10:41:46 | Main-Logger | INFO | Data Loading Completed.
2026-02-05 10:41:46 | Main-Logger | INFO | Cleaning Data...
2026-02-05 10:41:52 | Main-Logger | INFO | Cleaning Completed.
2026-02-05 10:41:52 | Main-Logger | INFO | Processing States...
2026-02-05 10:41:52 | Main-Logger | INFO | Gujarat Started......
2026-02-05 10:42:21 | Main-Logger | INFO | Gujarat Completed 
2026-02-05 10:42:21 | Main-Logger | INFO | [PERF] Process State | rows=7 | time=28.9058s
2026-02-05 10:42:21 | Main-Logger | INFO | Maharashtra Started......
2026-02-05 10:42:23 | Main-Logger | INFO | Maharashtra Completed 
2026-02-05 10:42:23 | Main-Logger | INFO | [PERF] Process State | rows=11 | time=2.2526s
2026-02-05 10:42:23 | Main-Logger | INFO | Chattisgarh Started......
2026-02-05 10:42:26 | Main-Logger | INFO | Chattisgarh Completed 
2026-02-05 10:42:26 | Main-Logger | INFO | [PERF] Process State | rows=11 | time=3.1020s
2026-02-05 10:42:26 | Main-Logger | INFO | TamilNadu Started......
2026-02-05 10:42:30 | Main-Logger | INFO | TamilNadu Completed 
2026-02-05 10:42:30 | Main-Logger | INFO | [PERF] Process State | rows=9 | time=4.0401s
2026-02-05 10:42:30 | Main-Logger | INFO | Main pipeline finished successfully.
2026-02-05 10:42:30 | Main-Logger | INFO | [PERF] Main Pipline | rows=NA | time=49.3983s
2026-02-05 10:54:07 | Main-Logger | INFO | Main pipeline started.
2026-02-05 10:54:07 | Main-Logger | INFO | Loading Data...
2026-02-05 10:54:13 | Main-Logger | INFO | Data Loading Completed.
2026-02-05 10:54:13 | Main-Logger | INFO | Cleaning Data...
2026-02-05 10:54:18 | Main-Logger | INFO | Cleaning Completed.
2026-02-05 10:54:18 | Main-Logger | INFO | Processing States...
2026-02-05 10:54:18 | Main-Logger | INFO | Gujarat Started......
2026-02-05 10:54:42 | Main-Logger | INFO | Gujarat Completed 
2026-02-05 10:54:42 | Main-Logger | INFO | [PERF] Process State | rows=7 | time=24.2441s
2026-02-05 10:54:42 | Main-Logger | INFO | Maharashtra Started......
2026-02-05 10:54:45 | Main-Logger | INFO | Maharashtra Completed 
2026-02-05 10:54:45 | Main-Logger | INFO | [PERF] Process State | rows=11 | time=2.9811s
2026-02-05 10:54:45 | Main-Logger | INFO | Chattisgarh Started......
2026-02-05 10:54:48 | Main-Logger | INFO | Chattisgarh Completed 
2026-02-05 10:54:48 | Main-Logger | INFO | [PERF] Process State | rows=11 | time=2.6559s
2026-02-05 10:54:48 | Main-Logger | INFO | TamilNadu Started......
2026-02-05 10:54:50 | Main-Logger | INFO | TamilNadu Completed 
2026-02-05 10:54:50 | Main-Logger | INFO | [PERF] Process State | rows=9 | time=2.5016s
2026-02-05 10:54:50 | Main-Logger | INFO | Main pipeline finished successfully.
2026-02-05 10:54:50 | Main-Logger | INFO | [PERF] Main Pipline | rows=NA | time=43.6941s
2026-02-05 11:04:36 | Main-Logger | INFO | Main pipeline started.
2026-02-05 11:04:36 | Main-Logger | INFO | Loading Data...
2026-02-05 11:04:42 | Main-Logger | INFO | Data Loading Completed.
2026-02-05 11:04:42 | Main-Logger | INFO | Cleaning Data...
2026-02-05 11:04:47 | Main-Logger | INFO | Cleaning Completed.
2026-02-05 11:04:47 | Main-Logger | INFO | Processing States...
2026-02-05 11:04:47 | Main-Logger | INFO | Gujarat Started......
2026-02-05 11:05:08 | Main-Logger | INFO | Gujarat Completed 
2026-02-05 11:05:08 | Main-Logger | INFO | [PERF] Process State | rows=7 | time=21.5943s
2026-02-05 11:05:08 | Main-Logger | INFO | Maharashtra Started......
2026-02-05 11:05:11 | Main-Logger | INFO | Maharashtra Completed 
2026-02-05 11:05:11 | Main-Logger | INFO | [PERF] Process State | rows=11 | time=2.7961s
2026-02-05 11:05:11 | Main-Logger | INFO | Chattisgarh Started......
2026-02-05 11:05:14 | Main-Logger | INFO | Chattisgarh Completed 
2026-02-05 11:05:14 | Main-Logger | INFO | [PERF] Process State | rows=11 | time=2.6861s
2026-02-05 11:05:14 | Main-Logger | INFO | TamilNadu Started......
2026-02-05 11:05:16 | Main-Logger | INFO | TamilNadu Completed 
2026-02-05 11:05:16 | Main-Logger | INFO | [PERF] Process State | rows=9 | time=2.6026s
2026-02-05 11:05:16 | Main-Logger | INFO | Main pipeline finished successfully.
2026-02-05 11:05:17 | Main-Logger | INFO | [PERF] Main Pipline | rows=NA | time=40.0286s
2026-02-05 11:13:03 | Main-Logger | INFO | Main pipeline started.
2026-02-05 11:13:03 | Main-Logger | INFO | Loading Data...
2026-02-05 11:13:08 | Main-Logger | INFO | Data Loading Completed.
2026-02-05 11:13:08 | Main-Logger | INFO | Cleaning Data...
2026-02-05 11:13:13 | Main-Logger | INFO | Cleaning Completed.
2026-02-05 11:13:13 | Main-Logger | INFO | Processing States...
2026-02-05 11:13:13 | Main-Logger | INFO | Gujarat Started......
2026-02-05 11:13:36 | Main-Logger | INFO | Gujarat Completed 
2026-02-05 11:13:36 | Main-Logger | INFO | [PERF] Process State | rows=7 | time=23.0200s
2026-02-05 11:13:36 | Main-Logger | INFO | Maharashtra Started......
2026-02-05 11:13:38 | Main-Logger | INFO | Maharashtra Completed 
2026-02-05 11:13:38 | Main-Logger | INFO | [PERF] Process State | rows=11 | time=2.3560s
2026-02-05 11:13:38 | Main-Logger | INFO | Chattisgarh Started......
2026-02-05 11:13:41 | Main-Logger | INFO | Chattisgarh Completed 
2026-02-05 11:13:41 | Main-Logger | INFO | [PERF] Process State | rows=11 | time=3.0931s
2026-02-05 11:13:41 | Main-Logger | INFO | TamilNadu Started......
2026-02-05 11:13:44 | Main-Logger | INFO | TamilNadu Completed 
2026-02-05 11:13:44 | Main-Logger | INFO | [PERF] Process State | rows=9 | time=2.5324s
2026-02-05 11:13:44 | Main-Logger | INFO | Main pipeline finished successfully.
2026-02-05 11:13:44 | Main-Logger | INFO | [PERF] Main Pipline | rows=NA | time=40.9069s
2026-02-05 11:58:03 | Main-Logger | INFO | Main pipeline started.
2026-02-05 11:58:03 | Main-Logger | INFO | Loading Data...
2026-02-05 11:58:11 | Main-Logger | INFO | Data Loading Completed.
2026-02-05 11:58:11 | Main-Logger | INFO | Cleaning Data...
2026-02-05 11:58:19 | Main-Logger | INFO | Cleaning Completed.
2026-02-05 11:58:19 | Main-Logger | INFO | Processing States...
2026-02-05 11:58:19 | Main-Logger | INFO | Gujarat Started......
2026-02-05 11:58:42 | Main-Logger | INFO | Gujarat Completed 
2026-02-05 11:58:42 | Main-Logger | INFO | [PERF] Process State | rows=7 | time=23.2554s
2026-02-05 11:58:42 | Main-Logger | INFO | Maharashtra Started......
2026-02-05 11:58:45 | Main-Logger | INFO | Maharashtra Completed 
2026-02-05 11:58:45 | Main-Logger | INFO | [PERF] Process State | rows=11 | time=3.1295s
2026-02-05 11:58:45 | Main-Logger | INFO | Chattisgarh Started......
2026-02-05 11:58:48 | Main-Logger | INFO | Chattisgarh Completed 
2026-02-05 11:58:48 | Main-Logger | INFO | [PERF] Process State | rows=11 | time=2.4648s
2026-02-05 11:58:48 | Main-Logger | INFO | TamilNadu Started......
2026-02-05 11:58:53 | Main-Logger | INFO | TamilNadu Completed 
2026-02-05 11:58:53 | Main-Logger | INFO | [PERF] Process State | rows=9 | time=5.1108s
2026-02-05 11:58:53 | Main-Logger | INFO | Main pipeline finished successfully.
2026-02-05 11:58:53 | Main-Logger | INFO | [PERF] Main Pipline | rows=NA | time=50.2109s
